LTspice 24.0.12 for Windows
Circuit: * C:\Users\jjfee\Desktop\.Notes\Fall 2026\Senior Design\h-bridge-circuit\H-bridge.asc
Start Time: Mon Oct  5 10:38:05 2026
Warning: Multiple definitions of model "2n7000" Type: Vdmos1
Warning: Multiple definitions of model "tp0606" Type: Mos3
solver = Normal
Maximum thread count: 12
tnom = 27
temp = 27
method = modified trap
WARNING: Node NC_01 is floating.
WARNING: Node NC_03 is floating.
WARNING: Node NC_05 is floating.
WARNING: Node NC_06 is floating.

WARNING: Less than two connections to node n003.  This node is used by d1.
WARNING: Less than two connections to node nc_01.  This node is used by d1.
WARNING: Less than two connections to node nc_02.  This node is used by d2.
WARNING: Less than two connections to node nc_03.  This node is used by d2.
WARNING: Less than two connections to node nc_04.  This node is used by d3.
WARNING: Less than two connections to node nc_05.  This node is used by d3.
WARNING: Less than two connections to node n004.  This node is used by d4.
WARNING: Less than two connections to node nc_06.  This node is used by d4.
Direct Newton iteration for .op point succeeded.
Total elapsed time: 0.080 seconds.

